src/components/PostCard.tsx(4,25): error TS2307: Cannot find module '@/context/AuthContext' or its corresponding type declarations.
src/components/PostCard.tsx(5,29): error TS2307: Cannot find module '@/context/LanguageContext' or its corresponding type declarations.
